5
1
6
4
2
false
true
false
true
true
false
true
false
true
true
false
true
1
